<html>
<body>
<pre>
<h1>µVision Build Log</h1>
<h2>Project:</h2>
C:\Users\adity\Desktop\Keil\EE319KwareSpring2018\Lab10_Aditya_Hubert\lab-10-c-spaceinvader-aditya-master\SpaceInvaders.uvproj
Project File Date:  04/29/2018

<h2>Output:</h2>
Rebuild target 'SpaceInvaders'
assembling startup.s...
assembling random.s...
compiling DAC.c...
compiling ADC.c...
compiling Timer1.c...
compiling Sound.c...
assembling LCD.s...
assembling Print.s...
compiling SpaceInvaders.c...
compiling ST7735.c...
compiling PLL.c...
compiling UART.c...
compiling FiFo.c...
linking...
Program Size: Code=9696 RO-data=88440 RW-data=148 ZI-data=1188  
".\SpaceInvaders.axf" - 0 Error(s), 0 Warning(s).
Load "C:\\Users\\adity\\Desktop\\Keil\\EE319KwareSpring2018\\Lab10_Aditya_Hubert\\lab-10-c-spaceinvader-aditya-master\\SpaceInvaders.axf" 
Connecting: Mode=JTAG, Speed=1000000Hz
Erase Done.
Programming Done.
Verify OK.
</pre>
</body>
</html>
